I'm sorry, but errors were detected in your script. Please correct the
errors listed below, and try again.


File "game/scripts/dict.rpy", line 33: expected 'comma or end of line' not found.
    zorder 1.0,
    ^

Ren'Py Version: Ren'Py 8.0.2.22081402
Sun Sep 18 17:11:37 2022
